// Jest Snapshot v1, https://goo.gl/fbAQLP

exports[`Empty pile 1`] = `null`;

exports[`Not empty pile 1`] = `
Array [
  <div
    className="square"
    style={
      Object {
        "backgroundColor": "#c00",
        "borderBottom": "1px solid #980000",
        "borderLeft": "1px solid #f00",
        "borderRight": "1px solid #980000",
        "borderTop": "1px solid  #f00",
        "height": "8px",
        "left": "0px",
        "top": "144px",
        "width": "8px",
      }
    }
  />,
  <div
    className="square"
    style={
      Object {
        "backgroundColor": "#c00",
        "borderBottom": "1px solid #980000",
        "borderLeft": "1px solid #f00",
        "borderRight": "1px solid #980000",
        "borderTop": "1px solid  #f00",
        "height": "8px",
        "left": "8px",
        "top": "144px",
        "width": "8px",
      }
    }
  />,
  <div
    className="square"
    style={
      Object {
        "backgroundColor": "#c00",
        "borderBottom": "1px solid #980000",
        "borderLeft": "1px solid #f00",
        "borderRight": "1px solid #980000",
        "borderTop": "1px solid  #f00",
        "height": "8px",
        "left": "16px",
        "top": "144px",
        "width": "8px",
      }
    }
  />,
  <div
    className="square"
    style={
      Object {
        "backgroundColor": "#c00",
        "borderBottom": "1px solid #980000",
        "borderLeft": "1px solid #f00",
        "borderRight": "1px solid #980000",
        "borderTop": "1px solid  #f00",
        "height": "8px",
        "left": "16px",
        "top": "152px",
        "width": "8px",
      }
    }
  />,
]
`;
